// Jest Snapshot v1, https://goo.gl/fbAQLP

exports[`VnodeManipulation Deep clone fails 1`] = `<div></div>`;
