// Jest Snapshot v1, https://goo.gl/fbAQLP

exports[`List.vue Snapshot unchanged 1`] = `
<ul>
  <li>
    one
  </li>
  <li>
    two
  </li>
  <li>
    three
  </li>
</ul>
`;
