// Jest Snapshot v1, https://goo.gl/fbAQLP

exports[`Empty.vue Properly serializes a fully-mounted wrapper 1`] = ``;

exports[`Empty.vue Properly serializes a shallowly-rendered wrapper 1`] = ``;
